Archive member included to satisfy reference by file (symbol)

/usr/lib/gcc/avr/4.9.2/avr5/libgcc.a(_divmodhi4.o)
                              ../include/thermo.o (__divmodhi4)
/usr/lib/gcc/avr/4.9.2/avr5/libgcc.a(_exit.o)
                              /usr/lib/gcc/avr/4.9.2/../../../avr/lib/avr5/crtatmega32u4.o (exit)
/usr/lib/gcc/avr/4.9.2/avr5/libgcc.a(_copy_data.o)
                              main.o (__do_copy_data)
/usr/lib/gcc/avr/4.9.2/avr5/libgcc.a(_clear_bss.o)
                              ../include/thermo.o (__do_clear_bss)
/usr/lib/gcc/avr/4.9.2/avr5/libgcc.a(_udivmodhi4.o)
                              /usr/lib/gcc/avr/4.9.2/avr5/libgcc.a(_divmodhi4.o) (__udivmodhi4)
/usr/lib/gcc/avr/4.9.2/../../../avr/lib/avr5/libc.a(sprintf.o)
                              main.o (sprintf)
/usr/lib/gcc/avr/4.9.2/../../../avr/lib/avr5/libc.a(sscanf.o)
                              main.o (sscanf)
/usr/lib/gcc/avr/4.9.2/../../../avr/lib/avr5/libc.a(vfprintf_std.o)
                              /usr/lib/gcc/avr/4.9.2/../../../avr/lib/avr5/libc.a(sprintf.o) (vfprintf)
/usr/lib/gcc/avr/4.9.2/../../../avr/lib/avr5/libc.a(vfscanf_std.o)
                              /usr/lib/gcc/avr/4.9.2/../../../avr/lib/avr5/libc.a(sscanf.o) (vfscanf)
/usr/lib/gcc/avr/4.9.2/../../../avr/lib/avr5/libc.a(isspace.o)
                              /usr/lib/gcc/avr/4.9.2/../../../avr/lib/avr5/libc.a(vfscanf_std.o) (isspace)
/usr/lib/gcc/avr/4.9.2/../../../avr/lib/avr5/libc.a(strchr_P.o)
                              /usr/lib/gcc/avr/4.9.2/../../../avr/lib/avr5/libc.a(vfscanf_std.o) (strchr_P)
/usr/lib/gcc/avr/4.9.2/../../../avr/lib/avr5/libc.a(strnlen_P.o)
                              /usr/lib/gcc/avr/4.9.2/../../../avr/lib/avr5/libc.a(vfprintf_std.o) (strnlen_P)
/usr/lib/gcc/avr/4.9.2/../../../avr/lib/avr5/libc.a(strnlen.o)
                              /usr/lib/gcc/avr/4.9.2/../../../avr/lib/avr5/libc.a(vfprintf_std.o) (strnlen)
/usr/lib/gcc/avr/4.9.2/../../../avr/lib/avr5/libc.a(fgetc.o)
                              /usr/lib/gcc/avr/4.9.2/../../../avr/lib/avr5/libc.a(vfscanf_std.o) (fgetc)
/usr/lib/gcc/avr/4.9.2/../../../avr/lib/avr5/libc.a(fputc.o)
                              /usr/lib/gcc/avr/4.9.2/../../../avr/lib/avr5/libc.a(vfprintf_std.o) (fputc)
/usr/lib/gcc/avr/4.9.2/../../../avr/lib/avr5/libc.a(ungetc.o)
                              /usr/lib/gcc/avr/4.9.2/../../../avr/lib/avr5/libc.a(vfscanf_std.o) (ungetc)
/usr/lib/gcc/avr/4.9.2/../../../avr/lib/avr5/libc.a(ultoa_invert.o)
                              /usr/lib/gcc/avr/4.9.2/../../../avr/lib/avr5/libc.a(vfprintf_std.o) (__ultoa_invert)
/usr/lib/gcc/avr/4.9.2/../../../avr/lib/avr5/libc.a(cty_isfalse.o)
                              /usr/lib/gcc/avr/4.9.2/../../../avr/lib/avr5/libc.a(isspace.o) (__ctype_isfalse)
/usr/lib/gcc/avr/4.9.2/avr5/libgcc.a(_prologue.o)
                              /usr/lib/gcc/avr/4.9.2/../../../avr/lib/avr5/libc.a(sprintf.o) (__prologue_saves__)
/usr/lib/gcc/avr/4.9.2/avr5/libgcc.a(_epilogue.o)
                              /usr/lib/gcc/avr/4.9.2/../../../avr/lib/avr5/libc.a(sprintf.o) (__epilogue_restores__)

Allocating common symbols
Common symbol       size              file

data                0x4               ../include/thermo.o

Discarded input sections

 .data          0x0000000000000000        0x0 /usr/lib/gcc/avr/4.9.2/../../../avr/lib/avr5/crtatmega32u4.o
 .bss           0x0000000000000000        0x0 /usr/lib/gcc/avr/4.9.2/../../../avr/lib/avr5/crtatmega32u4.o
 .text          0x0000000000000000        0x0 main.o
 .data          0x0000000000000000        0x0 main.o
 .bss           0x0000000000000000        0x0 main.o
 .text.main_screen
                0x0000000000000000       0x36 main.o
 .text.set_temp
                0x0000000000000000       0xca main.o
 .text.set_hours
                0x0000000000000000       0xc8 main.o
 .text.set_minutes
                0x0000000000000000       0xc8 main.o
 .text          0x0000000000000000        0x0 ../include/thermo.o
 .data          0x0000000000000000        0x0 ../include/thermo.o
 .bss           0x0000000000000000        0x0 ../include/thermo.o
 .text.read_ext_temp
                0x0000000000000000       0x22 ../include/thermo.o
 .text.read_int_temp
                0x0000000000000000        0x8 ../include/thermo.o
 .text.to_degf  0x0000000000000000       0x1c ../include/thermo.o
 .text          0x0000000000000000        0x0 ../include/lcd.o
 .data          0x0000000000000000        0x0 ../include/lcd.o
 .bss           0x0000000000000000        0x0 ../include/lcd.o
 .text.lcd_data
                0x0000000000000000       0x12 ../include/lcd.o
 .text.lcd_gotoxy
                0x0000000000000000        0xe ../include/lcd.o
 .text.lcd_getxy
                0x0000000000000000        0x8 ../include/lcd.o
 .text.lcd_home
                0x0000000000000000        0x6 ../include/lcd.o
 .text.lcd_puts_p
                0x0000000000000000       0x1e ../include/lcd.o
 .text          0x0000000000000000        0x0 ../include/spi.o
 .data          0x0000000000000000        0x0 ../include/spi.o
 .bss           0x0000000000000000        0x0 ../include/spi.o
 .text.spi_init_slave
                0x0000000000000000        0xa ../include/spi.o
 .text.spi_write
                0x0000000000000000        0xa ../include/spi.o
 .text          0x0000000000000000        0x0 ../include/keypad.o
 .data          0x0000000000000000        0x0 ../include/keypad.o
 .bss           0x0000000000000000        0x0 ../include/keypad.o
 .stab          0x0000000000000000      0x570 ../include/keypad.o
                                        0x75c (size before relaxing)
 .text.keypad_init
                0x0000000000000000        0xa ../include/keypad.o
 .text.decode_key
                0x0000000000000000       0x6e ../include/keypad.o
 .text.get_key  0x0000000000000000       0x26 ../include/keypad.o
 .rodata.CSWTCH.6
                0x0000000000000000       0x78 ../include/keypad.o
 .comment       0x0000000000000000       0x12 ../include/keypad.o
 .text          0x0000000000000000        0x0 /usr/lib/gcc/avr/4.9.2/avr5/libgcc.a(_divmodhi4.o)
 .data          0x0000000000000000        0x0 /usr/lib/gcc/avr/4.9.2/avr5/libgcc.a(_divmodhi4.o)
 .bss           0x0000000000000000        0x0 /usr/lib/gcc/avr/4.9.2/avr5/libgcc.a(_divmodhi4.o)
 .text.libgcc.mul
                0x0000000000000000        0x0 /usr/lib/gcc/avr/4.9.2/avr5/libgcc.a(_divmodhi4.o)
 .text.libgcc.div
                0x0000000000000000       0x28 /usr/lib/gcc/avr/4.9.2/avr5/libgcc.a(_divmodhi4.o)
 .text.libgcc   0x0000000000000000        0x0 /usr/lib/gcc/avr/4.9.2/avr5/libgcc.a(_divmodhi4.o)
 .text.libgcc.prologue
                0x0000000000000000        0x0 /usr/lib/gcc/avr/4.9.2/avr5/libgcc.a(_divmodhi4.o)
 .text.libgcc.builtins
                0x0000000000000000        0x0 /usr/lib/gcc/avr/4.9.2/avr5/libgcc.a(_divmodhi4.o)
 .text.libgcc.fmul
                0x0000000000000000        0x0 /usr/lib/gcc/avr/4.9.2/avr5/libgcc.a(_divmodhi4.o)
 .text.libgcc.fixed
                0x0000000000000000        0x0 /usr/lib/gcc/avr/4.9.2/avr5/libgcc.a(_divmodhi4.o)
 .text          0x0000000000000000        0x0 /usr/lib/gcc/avr/4.9.2/avr5/libgcc.a(_exit.o)
 .data          0x0000000000000000        0x0 /usr/lib/gcc/avr/4.9.2/avr5/libgcc.a(_exit.o)
 .bss           0x0000000000000000        0x0 /usr/lib/gcc/avr/4.9.2/avr5/libgcc.a(_exit.o)
 .text.libgcc.mul
                0x0000000000000000        0x0 /usr/lib/gcc/avr/4.9.2/avr5/libgcc.a(_exit.o)
 .text.libgcc.div
                0x0000000000000000        0x0 /usr/lib/gcc/avr/4.9.2/avr5/libgcc.a(_exit.o)
 .text.libgcc   0x0000000000000000        0x0 /usr/lib/gcc/avr/4.9.2/avr5/libgcc.a(_exit.o)
 .text.libgcc.prologue
                0x0000000000000000        0x0 /usr/lib/gcc/avr/4.9.2/avr5/libgcc.a(_exit.o)
 .text.libgcc.builtins
                0x0000000000000000        0x0 /usr/lib/gcc/avr/4.9.2/avr5/libgcc.a(_exit.o)
 .text.libgcc.fmul
                0x0000000000000000        0x0 /usr/lib/gcc/avr/4.9.2/avr5/libgcc.a(_exit.o)
 .text.libgcc.fixed
                0x0000000000000000        0x0 /usr/lib/gcc/avr/4.9.2/avr5/libgcc.a(_exit.o)
 .text          0x0000000000000000        0x0 /usr/lib/gcc/avr/4.9.2/avr5/libgcc.a(_copy_data.o)
 .data          0x0000000000000000        0x0 /usr/lib/gcc/avr/4.9.2/avr5/libgcc.a(_copy_data.o)
 .bss           0x0000000000000000        0x0 /usr/lib/gcc/avr/4.9.2/avr5/libgcc.a(_copy_data.o)
 .text.libgcc.mul
                0x0000000000000000        0x0 /usr/lib/gcc/avr/4.9.2/avr5/libgcc.a(_copy_data.o)
 .text.libgcc.div
                0x0000000000000000        0x0 /usr/lib/gcc/avr/4.9.2/avr5/libgcc.a(_copy_data.o)
 .text.libgcc   0x0000000000000000        0x0 /usr/lib/gcc/avr/4.9.2/avr5/libgcc.a(_copy_data.o)
 .text.libgcc.prologue
                0x0000000000000000        0x0 /usr/lib/gcc/avr/4.9.2/avr5/libgcc.a(_copy_data.o)
 .text.libgcc.builtins
                0x0000000000000000        0x0 /usr/lib/gcc/avr/4.9.2/avr5/libgcc.a(_copy_data.o)
 .text.libgcc.fmul
                0x0000000000000000        0x0 /usr/lib/gcc/avr/4.9.2/avr5/libgcc.a(_copy_data.o)
 .text.libgcc.fixed
                0x0000000000000000        0x0 /usr/lib/gcc/avr/4.9.2/avr5/libgcc.a(_copy_data.o)
 .text          0x0000000000000000        0x0 /usr/lib/gcc/avr/4.9.2/avr5/libgcc.a(_clear_bss.o)
 .data          0x0000000000000000        0x0 /usr/lib/gcc/avr/4.9.2/avr5/libgcc.a(_clear_bss.o)
 .bss           0x0000000000000000        0x0 /usr/lib/gcc/avr/4.9.2/avr5/libgcc.a(_clear_bss.o)
 .text.libgcc.mul
                0x0000000000000000        0x0 /usr/lib/gcc/avr/4.9.2/avr5/libgcc.a(_clear_bss.o)
 .text.libgcc.div
                0x0000000000000000        0x0 /usr/lib/gcc/avr/4.9.2/avr5/libgcc.a(_clear_bss.o)
 .text.libgcc   0x0000000000000000        0x0 /usr/lib/gcc/avr/4.9.2/avr5/libgcc.a(_clear_bss.o)
 .text.libgcc.prologue
                0x0000000000000000        0x0 /usr/lib/gcc/avr/4.9.2/avr5/libgcc.a(_clear_bss.o)
 .text.libgcc.builtins
                0x0000000000000000        0x0 /usr/lib/gcc/avr/4.9.2/avr5/libgcc.a(_clear_bss.o)
 .text.libgcc.fmul
                0x0000000000000000        0x0 /usr/lib/gcc/avr/4.9.2/avr5/libgcc.a(_clear_bss.o)
 .text.libgcc.fixed
                0x0000000000000000        0x0 /usr/lib/gcc/avr/4.9.2/avr5/libgcc.a(_clear_bss.o)
 .text          0x0000000000000000        0x0 /usr/lib/gcc/avr/4.9.2/avr5/libgcc.a(_udivmodhi4.o)
 .data          0x0000000000000000        0x0 /usr/lib/gcc/avr/4.9.2/avr5/libgcc.a(_udivmodhi4.o)
 .bss           0x0000000000000000        0x0 /usr/lib/gcc/avr/4.9.2/avr5/libgcc.a(_udivmodhi4.o)
 .text.libgcc.mul
                0x0000000000000000        0x0 /usr/lib/gcc/avr/4.9.2/avr5/libgcc.a(_udivmodhi4.o)
 .text.libgcc.div
                0x0000000000000000       0x28 /usr/lib/gcc/avr/4.9.2/avr5/libgcc.a(_udivmodhi4.o)
 .text.libgcc   0x0000000000000000        0x0 /usr/lib/gcc/avr/4.9.2/avr5/libgcc.a(_udivmodhi4.o)
 .text.libgcc.prologue
                0x0000000000000000        0x0 /usr/lib/gcc/avr/4.9.2/avr5/libgcc.a(_udivmodhi4.o)
 .text.libgcc.builtins
                0x0000000000000000        0x0 /usr/lib/gcc/avr/4.9.2/avr5/libgcc.a(_udivmodhi4.o)
 .text.libgcc.fmul
                0x0000000000000000        0x0 /usr/lib/gcc/avr/4.9.2/avr5/libgcc.a(_udivmodhi4.o)
 .text.libgcc.fixed
                0x0000000000000000        0x0 /usr/lib/gcc/avr/4.9.2/avr5/libgcc.a(_udivmodhi4.o)
 .text          0x0000000000000000        0x0 /usr/lib/gcc/avr/4.9.2/../../../avr/lib/avr5/libc.a(sprintf.o)
 .data          0x0000000000000000        0x0 /usr/lib/gcc/avr/4.9.2/../../../avr/lib/avr5/libc.a(sprintf.o)
 .bss           0x0000000000000000        0x0 /usr/lib/gcc/avr/4.9.2/../../../avr/lib/avr5/libc.a(sprintf.o)
 .text          0x0000000000000000        0x0 /usr/lib/gcc/avr/4.9.2/../../../avr/lib/avr5/libc.a(sscanf.o)
 .data          0x0000000000000000        0x0 /usr/lib/gcc/avr/4.9.2/../../../avr/lib/avr5/libc.a(sscanf.o)
 .bss           0x0000000000000000        0x0 /usr/lib/gcc/avr/4.9.2/../../../avr/lib/avr5/libc.a(sscanf.o)
 .text.avr-libc
                0x0000000000000000       0x32 /usr/lib/gcc/avr/4.9.2/../../../avr/lib/avr5/libc.a(sscanf.o)
 .comment       0x0000000000000000       0x12 /usr/lib/gcc/avr/4.9.2/../../../avr/lib/avr5/libc.a(sscanf.o)
 .text          0x0000000000000000        0x0 /usr/lib/gcc/avr/4.9.2/../../../avr/lib/avr5/libc.a(vfprintf_std.o)
 .data          0x0000000000000000        0x0 /usr/lib/gcc/avr/4.9.2/../../../avr/lib/avr5/libc.a(vfprintf_std.o)
 .bss           0x0000000000000000        0x0 /usr/lib/gcc/avr/4.9.2/../../../avr/lib/avr5/libc.a(vfprintf_std.o)
 .text          0x0000000000000000        0x0 /usr/lib/gcc/avr/4.9.2/../../../avr/lib/avr5/libc.a(vfscanf_std.o)
 .data          0x0000000000000000        0x0 /usr/lib/gcc/avr/4.9.2/../../../avr/lib/avr5/libc.a(vfscanf_std.o)
 .bss           0x0000000000000000        0x0 /usr/lib/gcc/avr/4.9.2/../../../avr/lib/avr5/libc.a(vfscanf_std.o)
 .text.avr-libc
                0x0000000000000000      0x55c /usr/lib/gcc/avr/4.9.2/../../../avr/lib/avr5/libc.a(vfscanf_std.o)
 .progmem.data  0x0000000000000000        0xc /usr/lib/gcc/avr/4.9.2/../../../avr/lib/avr5/libc.a(vfscanf_std.o)
 .comment       0x0000000000000000       0x12 /usr/lib/gcc/avr/4.9.2/../../../avr/lib/avr5/libc.a(vfscanf_std.o)
 .text          0x0000000000000000        0x0 /usr/lib/gcc/avr/4.9.2/../../../avr/lib/avr5/libc.a(isspace.o)
 .data          0x0000000000000000        0x0 /usr/lib/gcc/avr/4.9.2/../../../avr/lib/avr5/libc.a(isspace.o)
 .bss           0x0000000000000000        0x0 /usr/lib/gcc/avr/4.9.2/../../../avr/lib/avr5/libc.a(isspace.o)
 .text.avr-libc
                0x0000000000000000       0x12 /usr/lib/gcc/avr/4.9.2/../../../avr/lib/avr5/libc.a(isspace.o)
 .text          0x0000000000000000        0x0 /usr/lib/gcc/avr/4.9.2/../../../avr/lib/avr5/libc.a(strchr_P.o)
 .data          0x0000000000000000        0x0 /usr/lib/gcc/avr/4.9.2/../../../avr/lib/avr5/libc.a(strchr_P.o)
 .bss           0x0000000000000000        0x0 /usr/lib/gcc/avr/4.9.2/../../../avr/lib/avr5/libc.a(strchr_P.o)
 .text.avr-libc
                0x0000000000000000       0x16 /usr/lib/gcc/avr/4.9.2/../../../avr/lib/avr5/libc.a(strchr_P.o)
 .text          0x0000000000000000        0x0 /usr/lib/gcc/avr/4.9.2/../../../avr/lib/avr5/libc.a(strnlen_P.o)
 .data          0x0000000000000000        0x0 /usr/lib/gcc/avr/4.9.2/../../../avr/lib/avr5/libc.a(strnlen_P.o)
 .bss           0x0000000000000000        0x0 /usr/lib/gcc/avr/4.9.2/../../../avr/lib/avr5/libc.a(strnlen_P.o)
 .text          0x0000000000000000        0x0 /usr/lib/gcc/avr/4.9.2/../../../avr/lib/avr5/libc.a(strnlen.o)
 .data          0x0000000000000000        0x0 /usr/lib/gcc/avr/4.9.2/../../../avr/lib/avr5/libc.a(strnlen.o)
 .bss           0x0000000000000000        0x0 /usr/lib/gcc/avr/4.9.2/../../../avr/lib/avr5/libc.a(strnlen.o)
 .text          0x0000000000000000        0x0 /usr/lib/gcc/avr/4.9.2/../../../avr/lib/avr5/libc.a(fgetc.o)
 .data          0x0000000000000000        0x0 /usr/lib/gcc/avr/4.9.2/../../../avr/lib/avr5/libc.a(fgetc.o)
 .bss           0x0000000000000000        0x0 /usr/lib/gcc/avr/4.9.2/../../../avr/lib/avr5/libc.a(fgetc.o)
 .text.avr-libc
                0x0000000000000000       0x7c /usr/lib/gcc/avr/4.9.2/../../../avr/lib/avr5/libc.a(fgetc.o)
 .comment       0x0000000000000000       0x12 /usr/lib/gcc/avr/4.9.2/../../../avr/lib/avr5/libc.a(fgetc.o)
 .text          0x0000000000000000        0x0 /usr/lib/gcc/avr/4.9.2/../../../avr/lib/avr5/libc.a(fputc.o)
 .data          0x0000000000000000        0x0 /usr/lib/gcc/avr/4.9.2/../../../avr/lib/avr5/libc.a(fputc.o)
 .bss           0x0000000000000000        0x0 /usr/lib/gcc/avr/4.9.2/../../../avr/lib/avr5/libc.a(fputc.o)
 .text          0x0000000000000000        0x0 /usr/lib/gcc/avr/4.9.2/../../../avr/lib/avr5/libc.a(ungetc.o)
 .data          0x0000000000000000        0x0 /usr/lib/gcc/avr/4.9.2/../../../avr/lib/avr5/libc.a(ungetc.o)
 .bss           0x0000000000000000        0x0 /usr/lib/gcc/avr/4.9.2/../../../avr/lib/avr5/libc.a(ungetc.o)
 .text.avr-libc
                0x0000000000000000       0x32 /usr/lib/gcc/avr/4.9.2/../../../avr/lib/avr5/libc.a(ungetc.o)
 .comment       0x0000000000000000       0x12 /usr/lib/gcc/avr/4.9.2/../../../avr/lib/avr5/libc.a(ungetc.o)
 .text          0x0000000000000000        0x0 /usr/lib/gcc/avr/4.9.2/../../../avr/lib/avr5/libc.a(ultoa_invert.o)
 .data          0x0000000000000000        0x0 /usr/lib/gcc/avr/4.9.2/../../../avr/lib/avr5/libc.a(ultoa_invert.o)
 .bss           0x0000000000000000        0x0 /usr/lib/gcc/avr/4.9.2/../../../avr/lib/avr5/libc.a(ultoa_invert.o)
 .text          0x0000000000000000        0x0 /usr/lib/gcc/avr/4.9.2/../../../avr/lib/avr5/libc.a(cty_isfalse.o)
 .data          0x0000000000000000        0x0 /usr/lib/gcc/avr/4.9.2/../../../avr/lib/avr5/libc.a(cty_isfalse.o)
 .bss           0x0000000000000000        0x0 /usr/lib/gcc/avr/4.9.2/../../../avr/lib/avr5/libc.a(cty_isfalse.o)
 .text.avr-libc
                0x0000000000000000        0x6 /usr/lib/gcc/avr/4.9.2/../../../avr/lib/avr5/libc.a(cty_isfalse.o)
 .text          0x0000000000000000        0x0 /usr/lib/gcc/avr/4.9.2/avr5/libgcc.a(_prologue.o)
 .data          0x0000000000000000        0x0 /usr/lib/gcc/avr/4.9.2/avr5/libgcc.a(_prologue.o)
 .bss           0x0000000000000000        0x0 /usr/lib/gcc/avr/4.9.2/avr5/libgcc.a(_prologue.o)
 .text.libgcc.mul
                0x0000000000000000        0x0 /usr/lib/gcc/avr/4.9.2/avr5/libgcc.a(_prologue.o)
 .text.libgcc.div
                0x0000000000000000        0x0 /usr/lib/gcc/avr/4.9.2/avr5/libgcc.a(_prologue.o)
 .text.libgcc   0x0000000000000000        0x0 /usr/lib/gcc/avr/4.9.2/avr5/libgcc.a(_prologue.o)
 .text.libgcc.builtins
                0x0000000000000000        0x0 /usr/lib/gcc/avr/4.9.2/avr5/libgcc.a(_prologue.o)
 .text.libgcc.fmul
                0x0000000000000000        0x0 /usr/lib/gcc/avr/4.9.2/avr5/libgcc.a(_prologue.o)
 .text.libgcc.fixed
                0x0000000000000000        0x0 /usr/lib/gcc/avr/4.9.2/avr5/libgcc.a(_prologue.o)
 .text          0x0000000000000000        0x0 /usr/lib/gcc/avr/4.9.2/avr5/libgcc.a(_epilogue.o)
 .data          0x0000000000000000        0x0 /usr/lib/gcc/avr/4.9.2/avr5/libgcc.a(_epilogue.o)
 .bss           0x0000000000000000        0x0 /usr/lib/gcc/avr/4.9.2/avr5/libgcc.a(_epilogue.o)
 .text.libgcc.mul
                0x0000000000000000        0x0 /usr/lib/gcc/avr/4.9.2/avr5/libgcc.a(_epilogue.o)
 .text.libgcc.div
                0x0000000000000000        0x0 /usr/lib/gcc/avr/4.9.2/avr5/libgcc.a(_epilogue.o)
 .text.libgcc   0x0000000000000000        0x0 /usr/lib/gcc/avr/4.9.2/avr5/libgcc.a(_epilogue.o)
 .text.libgcc.builtins
                0x0000000000000000        0x0 /usr/lib/gcc/avr/4.9.2/avr5/libgcc.a(_epilogue.o)
 .text.libgcc.fmul
                0x0000000000000000        0x0 /usr/lib/gcc/avr/4.9.2/avr5/libgcc.a(_epilogue.o)
 .text.libgcc.fixed
                0x0000000000000000        0x0 /usr/lib/gcc/avr/4.9.2/avr5/libgcc.a(_epilogue.o)

Memory Configuration

Name             Origin             Length             Attributes
text             0x0000000000000000 0x0000000000020000 xr
data             0x0000000000800060 0x000000000000ffa0 rw !x
eeprom           0x0000000000810000 0x0000000000010000 rw !x
fuse             0x0000000000820000 0x0000000000000400 rw !x
lock             0x0000000000830000 0x0000000000000400 rw !x
signature        0x0000000000840000 0x0000000000000400 rw !x
user_signatures  0x0000000000850000 0x0000000000000400 rw !x
*default*        0x0000000000000000 0xffffffffffffffff

Linker script and memory map

Address of section .data set to 0x800100
LOAD /usr/lib/gcc/avr/4.9.2/../../../avr/lib/avr5/crtatmega32u4.o
LOAD main.o
LOAD ../include/thermo.o
LOAD ../include/lcd.o
LOAD ../include/spi.o
LOAD ../include/keypad.o
START GROUP
LOAD /usr/lib/gcc/avr/4.9.2/avr5/libgcc.a
LOAD /usr/lib/gcc/avr/4.9.2/../../../avr/lib/avr5/libm.a
LOAD /usr/lib/gcc/avr/4.9.2/../../../avr/lib/avr5/libc.a
LOAD /usr/lib/gcc/avr/4.9.2/../../../avr/lib/avr5/libatmega32u4.a
END GROUP

.hash
 *(.hash)

.dynsym
 *(.dynsym)

.dynstr
 *(.dynstr)

.gnu.version
 *(.gnu.version)

.gnu.version_d
 *(.gnu.version_d)

.gnu.version_r
 *(.gnu.version_r)

.rel.init
 *(.rel.init)

.rela.init
 *(.rela.init)

.rel.text
 *(.rel.text)
 *(.rel.text.*)
 *(.rel.gnu.linkonce.t*)

.rela.text
 *(.rela.text)
 *(.rela.text.*)
 *(.rela.gnu.linkonce.t*)

.rel.fini
 *(.rel.fini)

.rela.fini
 *(.rela.fini)

.rel.rodata
 *(.rel.rodata)
 *(.rel.rodata.*)
 *(.rel.gnu.linkonce.r*)

.rela.rodata
 *(.rela.rodata)
 *(.rela.rodata.*)
 *(.rela.gnu.linkonce.r*)

.rel.data
 *(.rel.data)
 *(.rel.data.*)
 *(.rel.gnu.linkonce.d*)

.rela.data
 *(.rela.data)
 *(.rela.data.*)
 *(.rela.gnu.linkonce.d*)

.rel.ctors
 *(.rel.ctors)

.rela.ctors
 *(.rela.ctors)

.rel.dtors
 *(.rel.dtors)

.rela.dtors
 *(.rela.dtors)

.rel.got
 *(.rel.got)

.rela.got
 *(.rela.got)

.rel.bss
 *(.rel.bss)

.rela.bss
 *(.rela.bss)

.rel.plt
 *(.rel.plt)

.rela.plt
 *(.rela.plt)

.text           0x0000000000000000      0xa36
 *(.vectors)
 .vectors       0x0000000000000000       0xac /usr/lib/gcc/avr/4.9.2/../../../avr/lib/avr5/crtatmega32u4.o
                0x0000000000000000                __vectors
                0x0000000000000000                __vector_default
 *(.vectors)
 *(.progmem.gcc*)
                0x00000000000000ac                . = ALIGN (0x2)
                0x00000000000000ac                __trampolines_start = .
 *(.trampolines)
 .trampolines   0x00000000000000ac        0x0 linker stubs
 *(.trampolines*)
                0x00000000000000ac                __trampolines_end = .
 *(.progmem*)
                0x00000000000000ac                . = ALIGN (0x2)
 *(.jumptables)
 *(.jumptables*)
 *(.lowtext)
 *(.lowtext*)
                0x00000000000000ac                __ctors_start = .
 *(.ctors)
                0x00000000000000ac                __ctors_end = .
                0x00000000000000ac                __dtors_start = .
 *(.dtors)
                0x00000000000000ac                __dtors_end = .
 SORT(*)(.ctors)
 SORT(*)(.dtors)
 *(.init0)
 .init0         0x00000000000000ac        0x0 /usr/lib/gcc/avr/4.9.2/../../../avr/lib/avr5/crtatmega32u4.o
                0x00000000000000ac                __init
 *(.init0)
 *(.init1)
 *(.init1)
 *(.init2)
 .init2         0x00000000000000ac        0xc /usr/lib/gcc/avr/4.9.2/../../../avr/lib/avr5/crtatmega32u4.o
 *(.init2)
 *(.init3)
 *(.init3)
 *(.init4)
 .init4         0x00000000000000b8       0x16 /usr/lib/gcc/avr/4.9.2/avr5/libgcc.a(_copy_data.o)
                0x00000000000000b8                __do_copy_data
 .init4         0x00000000000000ce       0x10 /usr/lib/gcc/avr/4.9.2/avr5/libgcc.a(_clear_bss.o)
                0x00000000000000ce                __do_clear_bss
 *(.init4)
 *(.init5)
 *(.init5)
 *(.init6)
 *(.init6)
 *(.init7)
 *(.init7)
 *(.init8)
 *(.init8)
 *(.init9)
 .init9         0x00000000000000de        0x8 /usr/lib/gcc/avr/4.9.2/../../../avr/lib/avr5/crtatmega32u4.o
 *(.init9)
 *(.text)
 .text          0x00000000000000e6        0x4 /usr/lib/gcc/avr/4.9.2/../../../avr/lib/avr5/crtatmega32u4.o
                0x00000000000000e6                __vector_38
                0x00000000000000e6                __vector_22
                0x00000000000000e6                __vector_28
                0x00000000000000e6                __vector_1
                0x00000000000000e6                __vector_32
                0x00000000000000e6                __vector_34
                0x00000000000000e6                __vector_24
                0x00000000000000e6                __vector_12
                0x00000000000000e6                __bad_interrupt
                0x00000000000000e6                __vector_6
                0x00000000000000e6                __vector_31
                0x00000000000000e6                __vector_35
                0x00000000000000e6                __vector_39
                0x00000000000000e6                __vector_3
                0x00000000000000e6                __vector_23
                0x00000000000000e6                __vector_30
                0x00000000000000e6                __vector_25
                0x00000000000000e6                __vector_11
                0x00000000000000e6                __vector_13
                0x00000000000000e6                __vector_17
                0x00000000000000e6                __vector_19
                0x00000000000000e6                __vector_7
                0x00000000000000e6                __vector_41
                0x00000000000000e6                __vector_27
                0x00000000000000e6                __vector_5
                0x00000000000000e6                __vector_33
                0x00000000000000e6                __vector_37
                0x00000000000000e6                __vector_4
                0x00000000000000e6                __vector_9
                0x00000000000000e6                __vector_2
                0x00000000000000e6                __vector_21
                0x00000000000000e6                __vector_15
                0x00000000000000e6                __vector_36
                0x00000000000000e6                __vector_29
                0x00000000000000e6                __vector_40
                0x00000000000000e6                __vector_8
                0x00000000000000e6                __vector_26
                0x00000000000000e6                __vector_14
                0x00000000000000e6                __vector_10
                0x00000000000000e6                __vector_16
                0x00000000000000e6                __vector_18
                0x00000000000000e6                __vector_20
                0x00000000000000e6                __vector_42
                0x00000000000000ea                . = ALIGN (0x2)
 *(.text.*)
 .text.startup.main
                0x00000000000000ea      0x1a4 main.o
                0x00000000000000ea                main
 .text.read_max
                0x000000000000028e       0x20 ../include/thermo.o
                0x000000000000028e                read_max
 .text.init_max
                0x00000000000002ae        0x4 ../include/thermo.o
                0x00000000000002ae                init_max
 .text.toggle_e
                0x00000000000002b2        0xe ../include/lcd.o
 .text.lcd_write
                0x00000000000002c0       0x6a ../include/lcd.o
 .text.lcd_read.constprop.0
                0x000000000000032a       0x54 ../include/lcd.o
 .text.lcd_waitbusy
                0x000000000000037e       0x14 ../include/lcd.o
 .text.lcd_command
                0x0000000000000392       0x12 ../include/lcd.o
                0x0000000000000392                lcd_command
 .text.lcd_clrscr
                0x00000000000003a4        0x6 ../include/lcd.o
                0x00000000000003a4                lcd_clrscr
 .text.lcd_putc
                0x00000000000003aa       0x28 ../include/lcd.o
                0x00000000000003aa                lcd_putc
 .text.lcd_puts
                0x00000000000003d2       0x18 ../include/lcd.o
                0x00000000000003d2                lcd_puts
 .text.lcd_init
                0x00000000000003ea       0x82 ../include/lcd.o
                0x00000000000003ea                lcd_init
 .text.spi_init_master
                0x000000000000046c        0xa ../include/spi.o
                0x000000000000046c                spi_init_master
 .text.spi_read
                0x0000000000000476        0xc ../include/spi.o
                0x0000000000000476                spi_read
 .text.avr-libc
                0x0000000000000482       0x46 /usr/lib/gcc/avr/4.9.2/../../../avr/lib/avr5/libc.a(sprintf.o)
                0x0000000000000482                sprintf
 .text.avr-libc
                0x00000000000004c8      0x3a4 /usr/lib/gcc/avr/4.9.2/../../../avr/lib/avr5/libc.a(vfprintf_std.o)
                0x00000000000004c8                vfprintf
 .text.avr-libc
                0x000000000000086c       0x16 /usr/lib/gcc/avr/4.9.2/../../../avr/lib/avr5/libc.a(strnlen_P.o)
                0x000000000000086c                strnlen_P
 .text.avr-libc
                0x0000000000000882       0x16 /usr/lib/gcc/avr/4.9.2/../../../avr/lib/avr5/libc.a(strnlen.o)
                0x0000000000000882                strnlen
 .text.avr-libc
                0x0000000000000898       0x70 /usr/lib/gcc/avr/4.9.2/../../../avr/lib/avr5/libc.a(fputc.o)
                0x0000000000000898                fputc
 .text.avr-libc
                0x0000000000000908       0xbc /usr/lib/gcc/avr/4.9.2/../../../avr/lib/avr5/libc.a(ultoa_invert.o)
                0x0000000000000908                __ultoa_invert
 .text.libgcc.prologue
                0x00000000000009c4       0x38 /usr/lib/gcc/avr/4.9.2/avr5/libgcc.a(_prologue.o)
                0x00000000000009c4                __prologue_saves__
 .text.libgcc.prologue
                0x00000000000009fc       0x36 /usr/lib/gcc/avr/4.9.2/avr5/libgcc.a(_epilogue.o)
                0x00000000000009fc                __epilogue_restores__
                0x0000000000000a32                . = ALIGN (0x2)
 *(.fini9)
 .fini9         0x0000000000000a32        0x0 /usr/lib/gcc/avr/4.9.2/avr5/libgcc.a(_exit.o)
                0x0000000000000a32                exit
                0x0000000000000a32                _exit
 *(.fini9)
 *(.fini8)
 *(.fini8)
 *(.fini7)
 *(.fini7)
 *(.fini6)
 *(.fini6)
 *(.fini5)
 *(.fini5)
 *(.fini4)
 *(.fini4)
 *(.fini3)
 *(.fini3)
 *(.fini2)
 *(.fini2)
 *(.fini1)
 *(.fini1)
 *(.fini0)
 .fini0         0x0000000000000a32        0x4 /usr/lib/gcc/avr/4.9.2/avr5/libgcc.a(_exit.o)
 *(.fini0)
                0x0000000000000a36                _etext = .

.data           0x0000000000800100       0x5c load address 0x0000000000000a36
                0x0000000000800100                PROVIDE (__data_start, .)
 *(.data)
 *(.data*)
 *(.rodata)
 *(.rodata*)
 .rodata.str1.1
                0x0000000000800100       0x5c main.o
                                         0x60 (size before relaxing)
 *(.gnu.linkonce.d*)
                0x000000000080015c                . = ALIGN (0x2)
                0x000000000080015c                _edata = .
                0x000000000080015c                PROVIDE (__data_end, .)

.bss            0x000000000080015c        0x4
                0x000000000080015c                PROVIDE (__bss_start, .)
 *(.bss)
 *(.bss*)
 *(COMMON)
 COMMON         0x000000000080015c        0x4 ../include/thermo.o
                0x000000000080015c                data
                0x0000000000800160                PROVIDE (__bss_end, .)
                0x0000000000000a36                __data_load_start = LOADADDR (.data)
                0x0000000000000a92                __data_load_end = (__data_load_start + SIZEOF (.data))

.noinit         0x0000000000800160        0x0
                0x0000000000800160                PROVIDE (__noinit_start, .)
 *(.noinit*)
                0x0000000000800160                PROVIDE (__noinit_end, .)
                0x0000000000800160                _end = .
                0x0000000000800160                PROVIDE (__heap_start, .)

.eeprom         0x0000000000810000        0x0
 *(.eeprom*)
                0x0000000000810000                __eeprom_end = .

.fuse
 *(.fuse)
 *(.lfuse)
 *(.hfuse)
 *(.efuse)

.lock
 *(.lock*)

.signature
 *(.signature*)

.user_signatures
 *(.user_signatures*)

.stab           0x0000000000000000     0x1b78
 *(.stab)
 .stab          0x0000000000000000      0x78c main.o
                                        0xcd8 (size before relaxing)
 .stab          0x000000000000078c      0x3c0 ../include/thermo.o
                                        0x678 (size before relaxing)
 .stab          0x0000000000000b4c      0xc6c ../include/lcd.o
                                       0x1008 (size before relaxing)
 .stab          0x00000000000017b8      0x3c0 ../include/spi.o
                                        0x630 (size before relaxing)

.stabstr        0x0000000000000000     0x134d
 *(.stabstr)
 .stabstr       0x0000000000000000     0x134d main.o

.stab.excl
 *(.stab.excl)

.stab.exclstr
 *(.stab.exclstr)

.stab.index
 *(.stab.index)

.stab.indexstr
 *(.stab.indexstr)

.comment        0x0000000000000000       0x11
 *(.comment)
 .comment       0x0000000000000000       0x11 main.o
                                         0x12 (size before relaxing)
 .comment       0x0000000000000011       0x12 ../include/thermo.o
 .comment       0x0000000000000011       0x12 ../include/lcd.o
 .comment       0x0000000000000011       0x12 ../include/spi.o
 .comment       0x0000000000000011       0x12 /usr/lib/gcc/avr/4.9.2/../../../avr/lib/avr5/libc.a(sprintf.o)
 .comment       0x0000000000000011       0x12 /usr/lib/gcc/avr/4.9.2/../../../avr/lib/avr5/libc.a(vfprintf_std.o)
 .comment       0x0000000000000011       0x12 /usr/lib/gcc/avr/4.9.2/../../../avr/lib/avr5/libc.a(fputc.o)

.note.gnu.avr.deviceinfo
                0x0000000000000000       0x40
 .note.gnu.avr.deviceinfo
                0x0000000000000000       0x40 /usr/lib/gcc/avr/4.9.2/../../../avr/lib/avr5/crtatmega32u4.o

.note.gnu.build-id
 *(.note.gnu.build-id)

.debug
 *(.debug)

.line
 *(.line)

.debug_srcinfo
 *(.debug_srcinfo)

.debug_sfnames
 *(.debug_sfnames)

.debug_aranges
 *(.debug_aranges)

.debug_pubnames
 *(.debug_pubnames)

.debug_info
 *(.debug_info .gnu.linkonce.wi.*)

.debug_abbrev
 *(.debug_abbrev)

.debug_line
 *(.debug_line .debug_line.* .debug_line_end)

.debug_frame
 *(.debug_frame)

.debug_str
 *(.debug_str)

.debug_loc
 *(.debug_loc)

.debug_macinfo
 *(.debug_macinfo)

.debug_weaknames
 *(.debug_weaknames)

.debug_funcnames
 *(.debug_funcnames)

.debug_typenames
 *(.debug_typenames)

.debug_varnames
 *(.debug_varnames)

.debug_pubtypes
 *(.debug_pubtypes)

.debug_ranges
 *(.debug_ranges)

.debug_macro
 *(.debug_macro)
OUTPUT(main.elf elf32-avr)
LOAD linker stubs
